[11:04:2026]-[18:20:11]_secret_RUNNING
[11:04:2026]-[18:20:11]_secret_SUCCESS
[11:04:2026]-[18:20:11]_surprise_RUNNING
[11:04:2026]-[18:20:11]_surprise_SUCCESS
[11:04:2026]-[18:20:21]_secret_RUNNING
[11:04:2026]-[18:20:21]_secret_SUCCESS
[11:04:2026]-[18:20:21]_surprise_RUNNING
[11:04:2026]-[18:20:21]_surprise_SUCCESS
[11:04:2026]-[18:20:31]_secret_RUNNING
[11:04:2026]-[18:20:31]_secret_SUCCESS
[11:04:2026]-[18:20:31]_surprise_RUNNING
[11:04:2026]-[18:20:31]_surprise_SUCCESS
[11:04:2026]-[18:20:41]_secret_RUNNING
[11:04:2026]-[18:20:41]_secret_SUCCESS
[11:04:2026]-[18:20:41]_surprise_RUNNING
[11:04:2026]-[18:20:41]_surprise_SUCCESS
[11:04:2026]-[18:20:51]_secret_RUNNING
[11:04:2026]-[18:20:51]_secret_SUCCESS
[11:04:2026]-[18:20:51]_surprise_RUNNING
[11:04:2026]-[18:20:51]_surprise_SUCCESS
[11:04:2026]-[18:20:52]_decrypt_RUNNING
[11:04:2026]-[18:20:52]_decrypt_SUCCESS
[11:04:2026]-[18:21:01]_secret_RUNNING
[11:04:2026]-[18:21:01]_secret_SUCCESS
[11:04:2026]-[18:21:01]_surprise_RUNNING
[11:04:2026]-[18:21:01]_surprise_SUCCESS
[11:04:2026]-[18:21:05]_kill_RUNNING
[11:04:2026]-[18:21:05]_kill_SUCCESS
[11:04:2026]-[18:22:54]_decrypt_RUNNING
[11:04:2026]-[18:22:54]_decrypt_ERROR
[12:04:2026]-[14:49:37]_kill_RUNNING
[12:04:2026]-[14:49:37]_kill_SUCCESS
[12:04:2026]-[14:50:22]_secret_RUNNING
[12:04:2026]-[14:50:22]_secret_SUCCESS
[12:04:2026]-[14:50:22]_surprise_RUNNING
[12:04:2026]-[14:50:22]_surprise_SUCCESS
[12:04:2026]-[14:50:32]_secret_RUNNING
[12:04:2026]-[14:50:32]_secret_SUCCESS
[12:04:2026]-[14:50:32]_surprise_RUNNING
[12:04:2026]-[14:50:33]_surprise_SUCCESS
[12:04:2026]-[14:50:43]_secret_RUNNING
[12:04:2026]-[14:50:43]_secret_SUCCESS
[12:04:2026]-[14:50:43]_surprise_RUNNING
[12:04:2026]-[14:50:43]_surprise_SUCCESS
[12:04:2026]-[14:50:53]_secret_RUNNING
[12:04:2026]-[14:50:53]_secret_SUCCESS
[12:04:2026]-[14:50:53]_surprise_RUNNING
[12:04:2026]-[14:50:53]_surprise_SUCCESS
[12:04:2026]-[14:51:03]_secret_RUNNING
[12:04:2026]-[14:51:03]_secret_SUCCESS
[12:04:2026]-[14:51:03]_surprise_RUNNING
[12:04:2026]-[14:51:03]_surprise_SUCCESS
[12:04:2026]-[14:51:13]_secret_RUNNING
[12:04:2026]-[14:51:13]_secret_SUCCESS
[12:04:2026]-[14:51:13]_surprise_RUNNING
[12:04:2026]-[14:51:13]_surprise_SUCCESS
