still working… [awake]
still working… [numbness]
still working… [numbness]
still working… [drifting]
still working… [numbness]
still working… [awake]
still working… [numbness]
still working… [numbness]
contract violated.
still working… [numbness]
still working… [numbness]
still working… [numbness]
still working… [awake]
still working… [awake]
contract violated.
still working… [drifting]
still working… [numbness]
still working… [awake]
still working… [drifting]
still working… [drifting]
still working… [numbness]
still working… [drifting]
still working… [numbness]
still working… [numbness]
still working… [awake]
We really weren’t meant to be together
still working… [drifting]
We really weren’t meant to be together
We really weren’t meant to be together
still working… [numbness]
